// Jest Snapshot v1, https://goo.gl/fbAQLP

exports[`User authentication should accept correct user's credentials 1`] = `
<div>
  Overview
</div>
`;
